17:11:59 **** Incremental Build of configuration Debug for project can_25 ****
make -j4 all 
arm-none-eabi-gcc "../Src/main.c" -mcpu=cortex-m4 -std=gnu11 -g3 -DSTM32F405xx -DUSE_HAL_DRIVER -DDEBUG -c -I../Inc -I../Drivers/CMSIS/Include -I../Drivers/STM32F4xx_HAL_Driver/Inc -I../Drivers/CMSIS/Device/ST/STM32F4xx/Include -I../Drivers/STM32F4xx_HAL_Driver/Inc/Legacy -O0 -ffunction-sections -fdata-sections -Wall -fstack-usage -MMD -MP -MF"Src/main.d" -MT"Src/main.o" --specs=nano.specs -mfpu=fpv4-sp-d16 -mfloat-abi=hard -mthumb -o "Src/main.o"
arm-none-eabi-gcc -o "can_25.elf" @"objects.list"   -mcpu=cortex-m4 -T"F:\cube\cube2\can_25\STM32F405RGTX_FLASH.ld" --specs=nosys.specs -Wl,-Map="can_25.map" -Wl,--gc-sections -static --specs=nano.specs -mfpu=fpv4-sp-d16 -mfloat-abi=hard -mthumb -Wl,--start-group -lc -lm -Wl,--end-group
Finished building target: can_25.elf
 
arm-none-eabi-objdump -h -S  can_25.elf  > "can_25.list"
arm-none-eabi-size   can_25.elf 
   text	   data	    bss	    dec	    hex	filename
  18168	     36	   1952	  20156	   4ebc	can_25.elf
Finished building: default.size.stdout
 
Finished building: can_25.list
 

17:12:04 Build Finished. 0 errors, 0 warnings. (took 4s.320ms)

