00:10:02 **** Incremental Build of configuration Debug for project opendoor ****
make -j4 all 
arm-none-eabi-size   opendoor.elf 
arm-none-eabi-objcopy  -O ihex  opendoor.elf  "opendoor.hex"
   text	   data	    bss	    dec	    hex	filename
   9456	     20	   1780	  11256	   2bf8	opendoor.elf
Finished building: default.size.stdout
 
Finished building: opendoor.hex
 
00:33:50 **** Incremental Build of configuration Debug for project opendoor ****
make -j4 all 
arm-none-eabi-size   opendoor.elf 
   text	   data	    bss	    dec	    hex	filename
   9456	     20	   1780	  11256	   2bf8	opendoor.elf
Finished building: default.size.stdout
 
00:34:45 **** Incremental Build of configuration Debug for project opendoor ****
make -j4 all 
arm-none-eabi-size   opendoor.elf 
   text	   data	    bss	    dec	    hex	filename
   9456	     20	   1780	  11256	   2bf8	opendoor.elf
Finished building: default.size.stdout
 
00:35:08 **** Incremental Build of configuration Debug for project opendoor ****
make -j4 all 
arm-none-eabi-size   opendoor.elf 
   text	   data	    bss	    dec	    hex	filename
   9456	     20	   1780	  11256	   2bf8	opendoor.elf
Finished building: default.size.stdout
 
00:35:26 **** Incremental Build of configuration Debug for project opendoor ****
make -j4 all 
arm-none-eabi-size   opendoor.elf 
   text	   data	    bss	    dec	    hex	filename
   9456	     20	   1780	  11256	   2bf8	opendoor.elf
Finished building: default.size.stdout
 
00:35:41 **** Incremental Build of configuration Debug for project opendoor ****
make -j4 all 
arm-none-eabi-size   opendoor.elf 
   text	   data	    bss	    dec	    hex	filename
   9456	     20	   1780	  11256	   2bf8	opendoor.elf
Finished building: default.size.stdout
 
00:35:54 **** Incremental Build of configuration Debug for project opendoor ****
make -j4 all 
arm-none-eabi-size   opendoor.elf 
   text	   data	    bss	    dec	    hex	filename
   9456	     20	   1780	  11256	   2bf8	opendoor.elf
Finished building: default.size.stdout
 
