17:42:19 **** Incremental Build of configuration Debug for project infanty ****
make -j4 all 
arm-none-eabi-gcc "../Src/main.c" -mcpu=cortex-m4 -std=gnu11 -g3 -DSTM32F405xx -DUSE_HAL_DRIVER -DDEBUG -c -I../Middlewares/Third_Party/FreeRTOS/Source/include -I../Middlewares/Third_Party/FreeRTOS/Source/portable/GCC/ARM_CM4F -I../Inc -I../Drivers/CMSIS/Include -I../Drivers/STM32F4xx_HAL_Driver/Inc -I../Drivers/CMSIS/Device/ST/STM32F4xx/Include -I../Middlewares/Third_Party/FreeRTOS/Source/CMSIS_RTOS -I../Drivers/STM32F4xx_HAL_Driver/Inc/Legacy -O0 -ffunction-sections -fdata-sections -Wall -fstack-usage -MMD -MP -MF"Src/main.d" -MT"Src/main.o" --specs=nano.specs -mfpu=fpv4-sp-d16 -mfloat-abi=hard -mthumb -o "Src/main.o"
arm-none-eabi-g++ -o "infanty.elf" @"objects.list"   -mcpu=cortex-m4 -T"F:\cube\cube2\infanty\STM32F405RGTX_FLASH.ld" --specs=nosys.specs -Wl,-Map="infanty.map" -Wl,--gc-sections -static --specs=nano.specs -mfpu=fpv4-sp-d16 -mfloat-abi=hard -mthumb -Wl,--start-group -lc -lm -lstdc++ -lsupc++ -Wl,--end-group
Finished building target: infanty.elf
 
arm-none-eabi-objdump -h -S  infanty.elf  > "infanty.list"
arm-none-eabi-size   infanty.elf 
   text	   data	    bss	    dec	    hex	filename
  41880	    136	  21864	  63880	   f988	infanty.elf
Finished building: default.size.stdout
 
Finished building: infanty.list
 

17:42:28 Build Finished. 0 errors, 0 warnings. (took 8s.100ms)

