17:20:35 **** Incremental Build of configuration Debug for project infanty_yt ****
make -j4 all 
arm-none-eabi-gcc "../Src/main.c" -mcpu=cortex-m4 -std=gnu11 -g3 -DSTM32F405xx -DUSE_HAL_DRIVER -DDEBUG -c -I../Middlewares/Third_Party/FreeRTOS/Source/include -I../Middlewares/Third_Party/FreeRTOS/Source/portable/GCC/ARM_CM4F -I../Inc -I../Drivers/CMSIS/Include -I../Drivers/STM32F4xx_HAL_Driver/Inc -I../Drivers/CMSIS/Device/ST/STM32F4xx/Include -I../Middlewares/Third_Party/FreeRTOS/Source/CMSIS_RTOS -I../Drivers/STM32F4xx_HAL_Driver/Inc/Legacy -O0 -ffunction-sections -fdata-sections -Wall -fstack-usage -MMD -MP -MF"Src/main.d" -MT"Src/main.o" --specs=nano.specs -mfpu=fpv4-sp-d16 -mfloat-abi=hard -mthumb -o "Src/main.o"
arm-none-eabi-g++ -o "infanty_yt.elf" @"objects.list"   -mcpu=cortex-m4 -T"F:\cube\cube2\infanty_yt\STM32F405RGTX_FLASH.ld" --specs=nosys.specs -Wl,-Map="infanty_yt.map" -Wl,--gc-sections -static --specs=nano.specs -mfpu=fpv4-sp-d16 -mfloat-abi=hard -mthumb -Wl,--start-group -lc -lm -lstdc++ -lsupc++ -Wl,--end-group
Finished building target: infanty_yt.elf
 
arm-none-eabi-objdump -h -S  infanty_yt.elf  > "infanty_yt.list"
arm-none-eabi-size   infanty_yt.elf 
   text	   data	    bss	    dec	    hex	filename
  40556	    132	  20844	  61532	   f05c	infanty_yt.elf
Finished building: default.size.stdout
 
Finished building: infanty_yt.list
 

17:20:49 Build Finished. 0 errors, 0 warnings. (took 13s.240ms)

