20:39:13 **** Incremental Build of configuration Debug for project RM_1.01 ****
make -j4 all 
arm-none-eabi-gcc "../Src/Car_1.01.c" -mcpu=cortex-m4 -std=gnu11 -g3 -DSTM32F405xx -DUSE_HAL_DRIVER -DDEBUG -c -I../Middlewares/Third_Party/FreeRTOS/Source/include -I../Middlewares/Third_Party/FreeRTOS/Source/portable/GCC/ARM_CM4F -I../Inc -I../Drivers/CMSIS/Include -I../Drivers/STM32F4xx_HAL_Driver/Inc -I../Drivers/CMSIS/Device/ST/STM32F4xx/Include -I../Middlewares/Third_Party/FreeRTOS/Source/CMSIS_RTOS -I../Drivers/STM32F4xx_HAL_Driver/Inc/Legacy -O0 -ffunction-sections -fdata-sections -Wall -fstack-usage -MMD -MP -MF"Src/Car_1.01.d" -MT"Src/Car_1.01.o" --specs=nano.specs -mfpu=fpv4-sp-d16 -mfloat-abi=hard -mthumb -o "Src/Car_1.01.o"
arm-none-eabi-gcc "../Src/pid_1.01.c" -mcpu=cortex-m4 -std=gnu11 -g3 -DSTM32F405xx -DUSE_HAL_DRIVER -DDEBUG -c -I../Middlewares/Third_Party/FreeRTOS/Source/include -I../Middlewares/Third_Party/FreeRTOS/Source/portable/GCC/ARM_CM4F -I../Inc -I../Drivers/CMSIS/Include -I../Drivers/STM32F4xx_HAL_Driver/Inc -I../Drivers/CMSIS/Device/ST/STM32F4xx/Include -I../Middlewares/Third_Party/FreeRTOS/Source/CMSIS_RTOS -I../Drivers/STM32F4xx_HAL_Driver/Inc/Legacy -O0 -ffunction-sections -fdata-sections -Wall -fstack-usage -MMD -MP -MF"Src/pid_1.01.d" -MT"Src/pid_1.01.o" --specs=nano.specs -mfpu=fpv4-sp-d16 -mfloat-abi=hard -mthumb -o "Src/pid_1.01.o"
arm-none-eabi-g++ -o "RM_1.01.elf" @"objects.list"   -mcpu=cortex-m4 -T"F:\cube\cube2\RM_1.01\STM32F405RGTX_FLASH.ld" --specs=nosys.specs -Wl,-Map="RM_1.01.map" -Wl,--gc-sections -static --specs=nano.specs -mfpu=fpv4-sp-d16 -mfloat-abi=hard -mthumb -Wl,--start-group -lc -lm -lstdc++ -lsupc++ -Wl,--end-group
Finished building target: RM_1.01.elf
 
arm-none-eabi-objdump -h -S  RM_1.01.elf  > "RM_1.01.list"
arm-none-eabi-size   RM_1.01.elf 
   text	   data	    bss	    dec	    hex	filename
  33660	     32	  18336	  52028	   cb3c	RM_1.01.elf
Finished building: default.size.stdout
 
Finished building: RM_1.01.list
 

20:39:18 Build Finished. 0 errors, 0 warnings. (took 5s.250ms)

