17:17:17 **** Build of configuration Debug for project spi_text ****
make -j4 all 
arm-none-eabi-gcc "../Src/main.c" -mcpu=cortex-m4 -std=gnu11 -g3 -DSTM32F405xx -DUSE_HAL_DRIVER -DDEBUG -c -I../Inc -I../Drivers/CMSIS/Include -I../Drivers/STM32F4xx_HAL_Driver/Inc -I../Drivers/CMSIS/Device/ST/STM32F4xx/Include -I../Drivers/STM32F4xx_HAL_Driver/Inc/Legacy -O0 -ffunction-sections -fdata-sections -Wall -fstack-usage -MMD -MP -MF"Src/main.d" -MT"Src/main.o" --specs=nano.specs -mfpu=fpv4-sp-d16 -mfloat-abi=hard -mthumb -o "Src/main.o"
arm-none-eabi-gcc -o "spi_text.elf" @"objects.list"   -mcpu=cortex-m4 -T"F:\cube\cube2\spi_text\STM32F405RGTX_FLASH.ld" --specs=nosys.specs -Wl,-Map="spi_text.map" -Wl,--gc-sections -static --specs=nano.specs -mfpu=fpv4-sp-d16 -mfloat-abi=hard -mthumb -Wl,--start-group -lc -lm -Wl,--end-group
Finished building target: spi_text.elf
 
arm-none-eabi-objdump -h -S  spi_text.elf  > "spi_text.list"
arm-none-eabi-size   spi_text.elf 
   text	   data	    bss	    dec	    hex	filename
  11048	     28	   1804	  12880	   3250	spi_text.elf
Finished building: default.size.stdout
 
Finished building: spi_text.list
 

17:17:24 Build Finished. 0 errors, 0 warnings. (took 6s.763ms)

